// Jest Snapshot v1, https://goo.gl/fbAQLP

exports[`Fist SnapShot test  1`] = `
<div
  className="mt-5  container-fluid"
>
  <div
    className="justify-content-md-center row"
  >
    <h1>
      Welcome back
    </h1>
  </div>
  <nav
    className="nav nav-tabs"
    onKeyDown={[Function]}
    role="tablist"
  />
  <div
    className="tab-content"
  />
</div>
`;
